#-----------------------------------------------------------
# xsim v2024.1 (64-bit)
# SW Build 5076996 on Wed May 22 18:37:14 MDT 2024
# IP Build 5075265 on Wed May 22 21:45:21 MDT 2024
# SharedData Build 5076995 on Wed May 22 18:29:18 MDT 2024
# Start of session at: Fri Jun 21 18:38:02 2024
# Process ID: 11780
# Current directory: C:/Users/DSi/Desktop/samad/test_benches/decoder_task24
# Command line: xsim.exe -mode tcl -source {xsim.dir/top/xsim_script.tcl}
# Log file: C:/Users/DSi/Desktop/samad/test_benches/decoder_task24/xsim.log
# Journal file: C:/Users/DSi/Desktop/samad/test_benches/decoder_task24\xsim.jou
# Running On        :DESKTOP-TPQE4J8
# Platform          :Windows Server 2016 or Windows 10
# Operating System  :19045
# Processor Detail  :12th Gen Intel(R) Core(TM) i7-1255U
# CPU Frequency     :2611 MHz
# CPU Physical cores:10
# CPU Logical cores :12
# Host memory       :34029 MB
# Swap memory       :2147 MB
# Total Virtual     :36176 MB
# Available Virtual :25432 MB
#-----------------------------------------------------------
source xsim.dir/top/xsim_script.tcl
run -all
